
> civ@0.0.0 build
> tsc -b && vite build

src/App.tsx(1,8): error TS6133: 'React' is declared but its value is never read.
src/App.tsx(2,10): error TS2459: Module '"./game/GameCore"' declares 'GameState' locally, but it is not exported.
src/App.tsx(32,24): error TS7006: Parameter 'prevState' implicitly has an 'any' type.
src/App.tsx(42,65): error TS18046: 'u' is of type 'unknown'.
src/App.tsx(42,78): error TS18046: 'u' is of type 'unknown'.
src/App.tsx(43,34): error TS2339: Property 'ownerId' does not exist on type '{}'.
src/App.tsx(44,36): error TS2339: Property 'id' does not exist on type '{}'.
src/App.tsx(51,18): error TS7006: Parameter 'prevState' implicitly has an 'any' type.
src/App.tsx(64,20): error TS7006: Parameter 'prevState' implicitly has an 'any' type.
src/components/MapRenderer.tsx(2,10): error TS1484: 'GameState' is a type and must be imported using a type-only import when 'verbatimModuleSyntax' is enabled.
src/components/MapRenderer.tsx(2,21): error TS1484: 'TileData' is a type and must be imported using a type-only import when 'verbatimModuleSyntax' is enabled.
src/components/MapRenderer.tsx(2,21): error TS6133: 'TileData' is declared but its value is never read.
src/components/MapRenderer.tsx(14,7): error TS6133: 'HEX_HEIGHT' is declared but its value is never read.
src/game/GameCore.ts(1,10): error TS1484: 'GameState' is a type and must be imported using a type-only import when 'verbatimModuleSyntax' is enabled.
src/game/GameCore.ts(1,21): error TS1484: 'Player' is a type and must be imported using a type-only import when 'verbatimModuleSyntax' is enabled.
src/game/GameCore.ts(1,29): error TS1484: 'Unit' is a type and must be imported using a type-only import when 'verbatimModuleSyntax' is enabled.
src/game/GameCore.ts(1,35): error TS1484: 'City' is a type and must be imported using a type-only import when 'verbatimModuleSyntax' is enabled.
src/game/GameCore.ts(1,41): error TS1484: 'UnitType' is a type and must be imported using a type-only import when 'verbatimModuleSyntax' is enabled.
src/game/GameCore.ts(1,41): error TS6133: 'UnitType' is declared but its value is never read.
src/game/MapGenerator.ts(1,10): error TS1484: 'TileData' is a type and must be imported using a type-only import when 'verbatimModuleSyntax' is enabled.
src/game/MapGenerator.ts(1,20): error TS1484: 'TerrainType' is a type and must be imported using a type-only import when 'verbatimModuleSyntax' is enabled.
src/game/MapGenerator.ts(1,33): error TS1484: 'FeatureType' is a type and must be imported using a type-only import when 'verbatimModuleSyntax' is enabled.
src/game/MapGenerator.ts(74,63): error TS2367: This comparison appears to be unintentional because the types '"GRASSLAND" | "PLAINS" | "TUNDRA"' and '"SNOW"' have no overlap.
